*********************************************************************
* LD Score Regression (LDSC)
* Version 1.0.1
* (C) 2014-2019 Brendan Bulik-Sullivan and Hilary Finucane
* Broad Institute of MIT and Harvard / MIT Department of Mathematics
* GNU General Public License v3
*********************************************************************
Call: 
./ldsc.py \
--h2 sumstats/PASS_BDSCZ_Ruderfer2018.sumstats.gz \
--ref-ld-chr eur_w_ld_chr_ben/ \
--out output_ben/PASS_BDSCZ_Ruderfer2018 \
--w-ld-chr eur_w_ld_chr_ben/ 

Beginning analysis at Mon Dec 15 00:06:53 2025
Reading summary statistics from sumstats/PASS_BDSCZ_Ruderfer2018.sumstats.gz ...
Read summary statistics for 1103021 SNPs.
Reading reference panel LD Score from eur_w_ld_chr_ben/[1-22] ... (ldscore_fromlist)
Read reference panel LD Scores for 1290028 SNPs.
Removing partitioned LD Scores with zero variance.
Reading regression weight LD Score from eur_w_ld_chr_ben/[1-22] ... (ldscore_fromlist)
Read regression weight LD Scores for 1290028 SNPs.
After merging with reference panel LD, 1098962 SNPs remain.
After merging with regression SNP LD, 1098962 SNPs remain.
Using two-step estimator with cutoff at 30.
Total Observed scale h2: 0.3393 (0.0133)
Lambda GC: 1.592
Mean Chi^2: 1.7914
Intercept: 1.04 (0.0119)
Ratio: 0.0506 (0.0151)
Analysis finished at Mon Dec 15 00:06:58 2025
Total time elapsed: 5.74s
