*********************************************************************
* LD Score Regression (LDSC)
* Version 1.0.1
* (C) 2014-2019 Brendan Bulik-Sullivan and Hilary Finucane
* Broad Institute of MIT and Harvard / MIT Department of Mathematics
* GNU General Public License v3
*********************************************************************
Call: 
./ldsc.py \
--h2 sumstats/PASS_ReactionTime_Davies2018.sumstats.gz \
--ref-ld-chr eur_w_ld_chr_ben/ \
--out output_ben/PASS_ReactionTime_Davies2018 \
--w-ld-chr eur_w_ld_chr_ben/ 

Beginning analysis at Mon Dec 15 00:10:22 2025
Reading summary statistics from sumstats/PASS_ReactionTime_Davies2018.sumstats.gz ...
Read summary statistics for 1184171 SNPs.
Reading reference panel LD Score from eur_w_ld_chr_ben/[1-22] ... (ldscore_fromlist)
Read reference panel LD Scores for 1290028 SNPs.
Removing partitioned LD Scores with zero variance.
Reading regression weight LD Score from eur_w_ld_chr_ben/[1-22] ... (ldscore_fromlist)
Read regression weight LD Scores for 1290028 SNPs.
After merging with reference panel LD, 1168466 SNPs remain.
After merging with regression SNP LD, 1168466 SNPs remain.
Using two-step estimator with cutoff at 30.
Total Observed scale h2: 0.0812 (0.0034)
Lambda GC: 1.3929
Mean Chi^2: 1.501
Intercept: 1.0241 (0.0089)
Ratio: 0.0481 (0.0177)
Analysis finished at Mon Dec 15 00:10:29 2025
Total time elapsed: 7.41s
