*********************************************************************
* LD Score Regression (LDSC)
* Version 1.0.1
* (C) 2014-2019 Brendan Bulik-Sullivan and Hilary Finucane
* Broad Institute of MIT and Harvard / MIT Department of Mathematics
* GNU General Public License v3
*********************************************************************
Call: 
./ldsc.py \
--h2 sumstats/PASS_Menarche2017.sumstats.gz \
--ref-ld-chr eur_w_ld_chr_ben/ \
--out output_ben/PASS_Menarche2017 \
--w-ld-chr eur_w_ld_chr_ben/ 

Beginning analysis at Mon Dec 15 00:09:30 2025
Reading summary statistics from sumstats/PASS_Menarche2017.sumstats.gz ...
Read summary statistics for 1185546 SNPs.
Reading reference panel LD Score from eur_w_ld_chr_ben/[1-22] ... (ldscore_fromlist)
Read reference panel LD Scores for 1290028 SNPs.
Removing partitioned LD Scores with zero variance.
Reading regression weight LD Score from eur_w_ld_chr_ben/[1-22] ... (ldscore_fromlist)
Read regression weight LD Scores for 1290028 SNPs.
After merging with reference panel LD, 1170799 SNPs remain.
After merging with regression SNP LD, 1170799 SNPs remain.
Using two-step estimator with cutoff at 30.
Total Observed scale h2: 0.1957 (0.0083)
Lambda GC: 1.6183
Mean Chi^2: 2.0447
Intercept: 1.0553 (0.011)
Ratio: 0.0529 (0.0105)
Analysis finished at Mon Dec 15 00:09:36 2025
Total time elapsed: 6.18s
