*********************************************************************
* LD Score Regression (LDSC)
* Version 1.0.1
* (C) 2014-2019 Brendan Bulik-Sullivan and Hilary Finucane
* Broad Institute of MIT and Harvard / MIT Department of Mathematics
* GNU General Public License v3
*********************************************************************
Call: 
./ldsc.py \
--h2 sumstats/PASS_BasoP_Vuckovic2020.sumstats.gz \
--ref-ld-chr eur_w_ld_chr_ben/ \
--out output_ben/PASS_BasoP_Vuckovic2020 \
--w-ld-chr eur_w_ld_chr_ben/ 

Beginning analysis at Mon Dec 15 00:06:46 2025
Reading summary statistics from sumstats/PASS_BasoP_Vuckovic2020.sumstats.gz ...
Read summary statistics for 1201412 SNPs.
Reading reference panel LD Score from eur_w_ld_chr_ben/[1-22] ... (ldscore_fromlist)
Read reference panel LD Scores for 1290028 SNPs.
Removing partitioned LD Scores with zero variance.
Reading regression weight LD Score from eur_w_ld_chr_ben/[1-22] ... (ldscore_fromlist)
Read regression weight LD Scores for 1290028 SNPs.
After merging with reference panel LD, 1174457 SNPs remain.
After merging with regression SNP LD, 1174457 SNPs remain.
Using two-step estimator with cutoff at 30.
Total Observed scale h2: 0.0377 (0.0036)
Lambda GC: 1.2005
Mean Chi^2: 1.4817
Intercept: 1.0594 (0.0133)
Ratio: 0.1234 (0.0275)
Analysis finished at Mon Dec 15 00:06:52 2025
Total time elapsed: 6.25s
