*********************************************************************
* LD Score Regression (LDSC)
* Version 1.0.1
* (C) 2014-2019 Brendan Bulik-Sullivan and Hilary Finucane
* Broad Institute of MIT and Harvard / MIT Department of Mathematics
* GNU General Public License v3
*********************************************************************
Call: 
./ldsc.py \
--h2 sumstats/PASS_Eosino_Vuckovic2020.sumstats.gz \
--ref-ld-chr eur_w_ld_chr_ben/ \
--out output_ben/PASS_Eosino_Vuckovic2020 \
--w-ld-chr eur_w_ld_chr_ben/ 

Beginning analysis at Mon Dec 15 00:07:42 2025
Reading summary statistics from sumstats/PASS_Eosino_Vuckovic2020.sumstats.gz ...
Read summary statistics for 1201400 SNPs.
Reading reference panel LD Score from eur_w_ld_chr_ben/[1-22] ... (ldscore_fromlist)
Read reference panel LD Scores for 1290028 SNPs.
Removing partitioned LD Scores with zero variance.
Reading regression weight LD Score from eur_w_ld_chr_ben/[1-22] ... (ldscore_fromlist)
Read regression weight LD Scores for 1290028 SNPs.
After merging with reference panel LD, 1174445 SNPs remain.
After merging with regression SNP LD, 1174445 SNPs remain.
Using two-step estimator with cutoff at 30.
Total Observed scale h2: 0.1411 (0.0099)
Lambda GC: 1.6259
Mean Chi^2: 3.0381
Intercept: 1.2646 (0.0245)
Ratio: 0.1298 (0.012)
Analysis finished at Mon Dec 15 00:07:48 2025
Total time elapsed: 6.17s
