*********************************************************************
* LD Score Regression (LDSC)
* Version 1.0.1
* (C) 2014-2019 Brendan Bulik-Sullivan and Hilary Finucane
* Broad Institute of MIT and Harvard / MIT Department of Mathematics
* GNU General Public License v3
*********************************************************************
Call: 
./ldsc.py \
--h2 sumstats/PASS_IBD_deLange2017.sumstats.gz \
--ref-ld-chr eur_w_ld_chr_ben/ \
--out output_ben/PASS_IBD_deLange2017 \
--w-ld-chr eur_w_ld_chr_ben/ 

Beginning analysis at Mon Dec 15 00:08:25 2025
Reading summary statistics from sumstats/PASS_IBD_deLange2017.sumstats.gz ...
Read summary statistics for 1150510 SNPs.
Reading reference panel LD Score from eur_w_ld_chr_ben/[1-22] ... (ldscore_fromlist)
Read reference panel LD Scores for 1290028 SNPs.
Removing partitioned LD Scores with zero variance.
Reading regression weight LD Score from eur_w_ld_chr_ben/[1-22] ... (ldscore_fromlist)
Read regression weight LD Scores for 1290028 SNPs.
After merging with reference panel LD, 1136234 SNPs remain.
After merging with regression SNP LD, 1136234 SNPs remain.
Using two-step estimator with cutoff at 30.
Total Observed scale h2: 0.2951 (0.0255)
Lambda GC: 1.2865
Mean Chi^2: 1.4985
Intercept: 1.1446 (0.0098)
Ratio: 0.2901 (0.0197)
Analysis finished at Mon Dec 15 00:08:31 2025
Total time elapsed: 5.73s
