*********************************************************************
* LD Score Regression (LDSC)
* Version 1.0.1
* (C) 2014-2019 Brendan Bulik-Sullivan and Hilary Finucane
* Broad Institute of MIT and Harvard / MIT Department of Mathematics
* GNU General Public License v3
*********************************************************************
Call: 
./ldsc.py \
--h2 sumstats/PASS_BMI1.sumstats.gz \
--ref-ld-chr eur_w_ld_chr_ben/ \
--out output_ben/PASS_BMI1 \
--w-ld-chr eur_w_ld_chr_ben/ 

Beginning analysis at Mon Dec 15 00:07:05 2025
Reading summary statistics from sumstats/PASS_BMI1.sumstats.gz ...
Read summary statistics for 1026920 SNPs.
Reading reference panel LD Score from eur_w_ld_chr_ben/[1-22] ... (ldscore_fromlist)
Read reference panel LD Scores for 1290028 SNPs.
Removing partitioned LD Scores with zero variance.
Reading regression weight LD Score from eur_w_ld_chr_ben/[1-22] ... (ldscore_fromlist)
Read regression weight LD Scores for 1290028 SNPs.
After merging with reference panel LD, 1021020 SNPs remain.
After merging with regression SNP LD, 1021020 SNPs remain.
Using two-step estimator with cutoff at 30.
Total Observed scale h2: 0.1407 (0.0066)
Lambda GC: 1.0379
Mean Chi^2: 1.1135
Intercept: 0.7722 (0.0082)
Ratio < 0 (usually indicates GC correction).
Analysis finished at Mon Dec 15 00:07:11 2025
Total time elapsed: 6.49s
