*********************************************************************
* LD Score Regression (LDSC)
* Version 1.0.1
* (C) 2014-2019 Brendan Bulik-Sullivan and Hilary Finucane
* Broad Institute of MIT and Harvard / MIT Department of Mathematics
* GNU General Public License v3
*********************************************************************
Call: 
./ldsc.py \
--h2 sumstats/PASS_SmokingCessation_Liu2019.sumstats.gz \
--ref-ld-chr eur_w_ld_chr_ben/ \
--out output_ben/PASS_SmokingCessation_Liu2019 \
--w-ld-chr eur_w_ld_chr_ben/ 

Beginning analysis at Mon Dec 15 00:11:08 2025
Reading summary statistics from sumstats/PASS_SmokingCessation_Liu2019.sumstats.gz ...
Read summary statistics for 352696 SNPs.
Reading reference panel LD Score from eur_w_ld_chr_ben/[1-22] ... (ldscore_fromlist)
Read reference panel LD Scores for 1290028 SNPs.
Removing partitioned LD Scores with zero variance.
Reading regression weight LD Score from eur_w_ld_chr_ben/[1-22] ... (ldscore_fromlist)
Read regression weight LD Scores for 1290028 SNPs.
After merging with reference panel LD, 350729 SNPs remain.
After merging with regression SNP LD, 350729 SNPs remain.
Using two-step estimator with cutoff at 30.
Total Observed scale h2: 0.0321 (0.0029)
Lambda GC: 1.1789
Mean Chi^2: 1.2065
Intercept: 0.9871 (0.013)
Ratio < 0 (usually indicates GC correction).
Analysis finished at Mon Dec 15 00:11:12 2025
Total time elapsed: 4.37s
