*********************************************************************
* LD Score Regression (LDSC)
* Version 1.0.1
* (C) 2014-2019 Brendan Bulik-Sullivan and Hilary Finucane
* Broad Institute of MIT and Harvard / MIT Department of Mathematics
* GNU General Public License v3
*********************************************************************
Call: 
./ldsc.py \
--h2 sumstats/PASS_IschemicStroke_Malik2018.sumstats.gz \
--ref-ld-chr eur_w_ld_chr_ben/ \
--out output_ben/PASS_IschemicStroke_Malik2018 \
--w-ld-chr eur_w_ld_chr_ben/ 

Beginning analysis at Mon Dec 15 00:08:44 2025
Reading summary statistics from sumstats/PASS_IschemicStroke_Malik2018.sumstats.gz ...
Read summary statistics for 1171472 SNPs.
Reading reference panel LD Score from eur_w_ld_chr_ben/[1-22] ... (ldscore_fromlist)
Read reference panel LD Scores for 1290028 SNPs.
Removing partitioned LD Scores with zero variance.
Reading regression weight LD Score from eur_w_ld_chr_ben/[1-22] ... (ldscore_fromlist)
Read regression weight LD Scores for 1290028 SNPs.
After merging with reference panel LD, 1165893 SNPs remain.
After merging with regression SNP LD, 1165893 SNPs remain.
Using two-step estimator with cutoff at 30.
Total Observed scale h2: 0.0134 (0.0014)
Lambda GC: 1.1222
Mean Chi^2: 1.1401
Intercept: 1.0231 (0.0069)
Ratio: 0.1651 (0.0494)
Analysis finished at Mon Dec 15 00:08:50 2025
Total time elapsed: 5.96s
