*********************************************************************
* LD Score Regression (LDSC)
* Version 1.0.1
* (C) 2014-2019 Brendan Bulik-Sullivan and Hilary Finucane
* Broad Institute of MIT and Harvard / MIT Department of Mathematics
* GNU General Public License v3
*********************************************************************
Call: 
./ldsc.py \
--h2 sumstats/PASS_Years_of_Education2.sumstats.gz \
--ref-ld-chr eur_w_ld_chr_ben/ \
--out output_ben/PASS_Years_of_Education2 \
--w-ld-chr eur_w_ld_chr_ben/ 

Beginning analysis at Mon Dec 15 00:11:33 2025
Reading summary statistics from sumstats/PASS_Years_of_Education2.sumstats.gz ...
Read summary statistics for 1167613 SNPs.
Reading reference panel LD Score from eur_w_ld_chr_ben/[1-22] ... (ldscore_fromlist)
Read reference panel LD Scores for 1290028 SNPs.
Removing partitioned LD Scores with zero variance.
Reading regression weight LD Score from eur_w_ld_chr_ben/[1-22] ... (ldscore_fromlist)
Read regression weight LD Scores for 1290028 SNPs.
After merging with reference panel LD, 1165426 SNPs remain.
After merging with regression SNP LD, 1165426 SNPs remain.
Using two-step estimator with cutoff at 30.
Total Observed scale h2: 0.1107 (0.0038)
Lambda GC: 1.4781
Mean Chi^2: 1.6463
Intercept: 0.938 (0.0094)
Ratio < 0 (usually indicates GC correction).
Analysis finished at Mon Dec 15 00:11:39 2025
Total time elapsed: 6.27s
