*********************************************************************
* LD Score Regression (LDSC)
* Version 1.0.1
* (C) 2014-2019 Brendan Bulik-Sullivan and Hilary Finucane
* Broad Institute of MIT and Harvard / MIT Department of Mathematics
* GNU General Public License v3
*********************************************************************
Call: 
./ldsc.py \
--h2 sumstats/PASS_ProstateCancer.sumstats.gz \
--ref-ld-chr eur_w_ld_chr_ben/ \
--out output_ben/PASS_ProstateCancer \
--w-ld-chr eur_w_ld_chr_ben/ 

Beginning analysis at Mon Dec 15 00:10:09 2025
Reading summary statistics from sumstats/PASS_ProstateCancer.sumstats.gz ...
Read summary statistics for 1021671 SNPs.
Reading reference panel LD Score from eur_w_ld_chr_ben/[1-22] ... (ldscore_fromlist)
Read reference panel LD Scores for 1290028 SNPs.
Removing partitioned LD Scores with zero variance.
Reading regression weight LD Score from eur_w_ld_chr_ben/[1-22] ... (ldscore_fromlist)
Read regression weight LD Scores for 1290028 SNPs.
After merging with reference panel LD, 1008118 SNPs remain.
After merging with regression SNP LD, 1008118 SNPs remain.
Using two-step estimator with cutoff at 30.
Total Observed scale h2: 0.1301 (0.0159)
Lambda GC: 1.1333
Mean Chi^2: 1.2283
Intercept: 1.0491 (0.0098)
Ratio: 0.2152 (0.0429)
Analysis finished at Mon Dec 15 00:10:15 2025
Total time elapsed: 5.64s
