*********************************************************************
* LD Score Regression (LDSC)
* Version 1.0.1
* (C) 2014-2019 Brendan Bulik-Sullivan and Hilary Finucane
* Broad Institute of MIT and Harvard / MIT Department of Mathematics
* GNU General Public License v3
*********************************************************************
Call: 
./ldsc.py \
--h2 sumstats/PASS_Alzheimers_deRojas2021.sumstats.gz \
--ref-ld-chr eur_w_ld_chr_ben/ \
--out output_ben/PASS_Alzheimers_deRojas2021 \
--w-ld-chr eur_w_ld_chr_ben/ 

Beginning analysis at Mon Dec 15 00:06:14 2025
Reading summary statistics from sumstats/PASS_Alzheimers_deRojas2021.sumstats.gz ...
Read summary statistics for 1186517 SNPs.
Reading reference panel LD Score from eur_w_ld_chr_ben/[1-22] ... (ldscore_fromlist)
Read reference panel LD Scores for 1290028 SNPs.
Removing partitioned LD Scores with zero variance.
Reading regression weight LD Score from eur_w_ld_chr_ben/[1-22] ... (ldscore_fromlist)
Read regression weight LD Scores for 1290028 SNPs.
After merging with reference panel LD, 1170866 SNPs remain.
After merging with regression SNP LD, 1170866 SNPs remain.
Using two-step estimator with cutoff at 30.
Total Observed scale h2: 0.0207 (0.0032)
Lambda GC: 1.1333
Mean Chi^2: 1.1974
Intercept: 1.0363 (0.0106)
Ratio: 0.1841 (0.0538)
Analysis finished at Mon Dec 15 00:06:20 2025
Total time elapsed: 6.21s
