*********************************************************************
* LD Score Regression (LDSC)
* Version 1.0.1
* (C) 2014-2019 Brendan Bulik-Sullivan and Hilary Finucane
* Broad Institute of MIT and Harvard / MIT Department of Mathematics
* GNU General Public License v3
*********************************************************************
Call: 
./ldsc.py \
--h2 sumstats/UKB_460K.repro_NumberChildrenEverBorn_Pooled.sumstats.gz \
--ref-ld-chr eur_w_ld_chr_ben/ \
--out output_ben/UKB_460K.repro_NumberChildrenEverBorn_Pooled \
--w-ld-chr eur_w_ld_chr_ben/ 

Beginning analysis at Mon Dec 15 00:15:18 2025
Reading summary statistics from sumstats/UKB_460K.repro_NumberChildrenEverBorn_Pooled.sumstats.gz ...
Read summary statistics for 1187056 SNPs.
Reading reference panel LD Score from eur_w_ld_chr_ben/[1-22] ... (ldscore_fromlist)
Read reference panel LD Scores for 1290028 SNPs.
Removing partitioned LD Scores with zero variance.
Reading regression weight LD Score from eur_w_ld_chr_ben/[1-22] ... (ldscore_fromlist)
Read regression weight LD Scores for 1290028 SNPs.
After merging with reference panel LD, 1171359 SNPs remain.
After merging with regression SNP LD, 1171359 SNPs remain.
Using two-step estimator with cutoff at 30.
Total Observed scale h2: 0.0408 (0.0019)
Lambda GC: 1.3003
Mean Chi^2: 1.3805
Intercept: 1.0153 (0.0076)
Ratio: 0.0403 (0.0201)
Analysis finished at Mon Dec 15 00:15:24 2025
Total time elapsed: 6.0s
