*********************************************************************
* LD Score Regression (LDSC)
* Version 1.0.1
* (C) 2014-2019 Brendan Bulik-Sullivan and Hilary Finucane
* Broad Institute of MIT and Harvard / MIT Department of Mathematics
* GNU General Public License v3
*********************************************************************
Call: 
./ldsc.py \
--h2 sumstats/UKB_460K.biochemistry_Phosphate.sumstats.gz \
--ref-ld-chr eur_w_ld_chr_ben/ \
--out output_ben/UKB_460K.biochemistry_Phosphate \
--w-ld-chr eur_w_ld_chr_ben/ 

Beginning analysis at Mon Dec 15 00:12:13 2025
Reading summary statistics from sumstats/UKB_460K.biochemistry_Phosphate.sumstats.gz ...
Read summary statistics for 1187344 SNPs.
Reading reference panel LD Score from eur_w_ld_chr_ben/[1-22] ... (ldscore_fromlist)
Read reference panel LD Scores for 1290028 SNPs.
Removing partitioned LD Scores with zero variance.
Reading regression weight LD Score from eur_w_ld_chr_ben/[1-22] ... (ldscore_fromlist)
Read regression weight LD Scores for 1290028 SNPs.
After merging with reference panel LD, 1171587 SNPs remain.
After merging with regression SNP LD, 1171587 SNPs remain.
Using two-step estimator with cutoff at 30.
Total Observed scale h2: 0.116 (0.0112)
Lambda GC: 1.5035
Mean Chi^2: 1.9945
Intercept: 1.1089 (0.0136)
Ratio: 0.1095 (0.0137)
Analysis finished at Mon Dec 15 00:12:20 2025
Total time elapsed: 6.65s
