*********************************************************************
* LD Score Regression (LDSC)
* Version 1.0.1
* (C) 2014-2019 Brendan Bulik-Sullivan and Hilary Finucane
* Broad Institute of MIT and Harvard / MIT Department of Mathematics
* GNU General Public License v3
*********************************************************************
Call: 
./ldsc.py \
--h2 sumstats/UKB_460K.repro_MENOPAUSE_AGE.sumstats.gz \
--ref-ld-chr eur_w_ld_chr_ben/ \
--out output_ben/UKB_460K.repro_MENOPAUSE_AGE \
--w-ld-chr eur_w_ld_chr_ben/ 

Beginning analysis at Mon Dec 15 00:15:11 2025
Reading summary statistics from sumstats/UKB_460K.repro_MENOPAUSE_AGE.sumstats.gz ...
Read summary statistics for 1187056 SNPs.
Reading reference panel LD Score from eur_w_ld_chr_ben/[1-22] ... (ldscore_fromlist)
Read reference panel LD Scores for 1290028 SNPs.
Removing partitioned LD Scores with zero variance.
Reading regression weight LD Score from eur_w_ld_chr_ben/[1-22] ... (ldscore_fromlist)
Read regression weight LD Scores for 1290028 SNPs.
After merging with reference panel LD, 1171359 SNPs remain.
After merging with regression SNP LD, 1171359 SNPs remain.
Using two-step estimator with cutoff at 30.
Total Observed scale h2: 0.1214 (0.0086)
Lambda GC: 1.2005
Mean Chi^2: 1.3728
Intercept: 1.0183 (0.0112)
Ratio: 0.0492 (0.03)
Analysis finished at Mon Dec 15 00:15:17 2025
Total time elapsed: 6.04s
