*********************************************************************
* LD Score Regression (LDSC)
* Version 1.0.1
* (C) 2014-2019 Brendan Bulik-Sullivan and Hilary Finucane
* Broad Institute of MIT and Harvard / MIT Department of Mathematics
* GNU General Public License v3
*********************************************************************
Call: 
./ldsc.py \
--h2 sumstats/UKB_460K.blood_PLATELET_COUNT.sumstats.gz \
--ref-ld-chr eur_w_ld_chr_ben/ \
--out output_ben/UKB_460K.blood_PLATELET_COUNT \
--w-ld-chr eur_w_ld_chr_ben/ 

Beginning analysis at Mon Dec 15 00:12:46 2025
Reading summary statistics from sumstats/UKB_460K.blood_PLATELET_COUNT.sumstats.gz ...
Read summary statistics for 1187056 SNPs.
Reading reference panel LD Score from eur_w_ld_chr_ben/[1-22] ... (ldscore_fromlist)
Read reference panel LD Scores for 1290028 SNPs.
Removing partitioned LD Scores with zero variance.
Reading regression weight LD Score from eur_w_ld_chr_ben/[1-22] ... (ldscore_fromlist)
Read regression weight LD Scores for 1290028 SNPs.
After merging with reference panel LD, 1171359 SNPs remain.
After merging with regression SNP LD, 1171359 SNPs remain.
Using two-step estimator with cutoff at 30.
Total Observed scale h2: 0.3488 (0.0293)
Lambda GC: 1.9852
Mean Chi^2: 4.3892
Intercept: 1.3857 (0.0272)
Ratio: 0.1138 (0.008)
Analysis finished at Mon Dec 15 00:12:52 2025
Total time elapsed: 6.1s
