*********************************************************************
* LD Score Regression (LDSC)
* Version 1.0.1
* (C) 2014-2019 Brendan Bulik-Sullivan and Hilary Finucane
* Broad Institute of MIT and Harvard / MIT Department of Mathematics
* GNU General Public License v3
*********************************************************************
Call: 
./ldsc.py \
--h2 sumstats/UKB_460K.biochemistry_Creatinine.sumstats.gz \
--ref-ld-chr eur_w_ld_chr_ben/ \
--out output_ben/UKB_460K.biochemistry_Creatinine \
--w-ld-chr eur_w_ld_chr_ben/ 

Beginning analysis at Mon Dec 15 00:12:00 2025
Reading summary statistics from sumstats/UKB_460K.biochemistry_Creatinine.sumstats.gz ...
Read summary statistics for 1187344 SNPs.
Reading reference panel LD Score from eur_w_ld_chr_ben/[1-22] ... (ldscore_fromlist)
Read reference panel LD Scores for 1290028 SNPs.
Removing partitioned LD Scores with zero variance.
Reading regression weight LD Score from eur_w_ld_chr_ben/[1-22] ... (ldscore_fromlist)
Read regression weight LD Scores for 1290028 SNPs.
After merging with reference panel LD, 1171587 SNPs remain.
After merging with regression SNP LD, 1171587 SNPs remain.
Using two-step estimator with cutoff at 30.
Total Observed scale h2: 0.1885 (0.0099)
Lambda GC: 1.8667
Mean Chi^2: 2.9856
Intercept: 1.2386 (0.0196)
Ratio: 0.1201 (0.0099)
Analysis finished at Mon Dec 15 00:12:06 2025
Total time elapsed: 5.84s
