*********************************************************************
* LD Score Regression (LDSC)
* Version 1.0.1
* (C) 2014-2019 Brendan Bulik-Sullivan and Hilary Finucane
* Broad Institute of MIT and Harvard / MIT Department of Mathematics
* GNU General Public License v3
*********************************************************************
Call: 
./ldsc.py \
--h2 sumstats/UKB_460K.disease_ALLERGY_ECZEMA_DIAGNOSED.sumstats.gz \
--ref-ld-chr eur_w_ld_chr_ben/ \
--out output_ben/UKB_460K.disease_ALLERGY_ECZEMA_DIAGNOSED \
--w-ld-chr eur_w_ld_chr_ben/ 

Beginning analysis at Mon Dec 15 00:14:13 2025
Reading summary statistics from sumstats/UKB_460K.disease_ALLERGY_ECZEMA_DIAGNOSED.sumstats.gz ...
Read summary statistics for 1187056 SNPs.
Reading reference panel LD Score from eur_w_ld_chr_ben/[1-22] ... (ldscore_fromlist)
Read reference panel LD Scores for 1290028 SNPs.
Removing partitioned LD Scores with zero variance.
Reading regression weight LD Score from eur_w_ld_chr_ben/[1-22] ... (ldscore_fromlist)
Read regression weight LD Scores for 1290028 SNPs.
After merging with reference panel LD, 1171359 SNPs remain.
After merging with regression SNP LD, 1171359 SNPs remain.
Using two-step estimator with cutoff at 30.
Total Observed scale h2: 0.0675 (0.0038)
Lambda GC: 1.4129
Mean Chi^2: 1.7114
Intercept: 1.0934 (0.0118)
Ratio: 0.1312 (0.0165)
Analysis finished at Mon Dec 15 00:14:19 2025
Total time elapsed: 5.85s
